// Jest Snapshot v1, https://goo.gl/fbAQLP

exports[`inscripciones.vue Renders correctly 1`] = `
<main>
  <div
    class="breadc-bak"
  >
    <div
      class="container margin-0-auto"
    >
      <ol
        class="breadcrumb ff-sans-r mb-2"
      >
        <li
          class="breadcrumb-item"
        >
          <a
            class=""
            href="/"
            target="_self"
          >
            Home
          </a>
        </li>
         
        <li
          class="breadcrumb-item"
        >
          <a
            class=""
            href="/aflora"
            target="_self"
          >
            Aflora
          </a>
        </li>
         
        <li
          class="breadcrumb-item active"
        >
          <span
            aria-current="location"
          >
            Inscripciones
          </span>
        </li>
      </ol>
       
      <div
        class="back-to-home position-relative d-flex align-items-center small-size"
      >
        <i
          class="ic-back"
        />
         
        <a
          class="ff-sans-b"
          href="javascript:void(0)"
        >
          Volver
        </a>
      </div>
    </div>
  </div>
   
  <section
    class="ig-tx-zing-zag desarrolla inscripci-pg bg-white"
  >
    <div
      class="container"
    >
      <div
        class="sm-siz-container margin-0-auto"
      >
        <div
          class="d-flex multiple-reapt align-items-start flex-wrap-991"
        >
          <h2
            class="ff-sans-b ss d-block-991 d-none-n wow bounceInLeft"
            data-wow-duration="2s"
          >
            
            Inscripciones
          
          </h2>
           
          <h3
            class="ff-sans-b ss d-block-991 d-none-n wow bounceInLeft"
            data-wow-duration="2s"
          >
            
            ¿Cómo inscribirse 
            <br />
            
            a Aflora?
          
          </h3>
           
          <div
            class="txt-points position-relative order-2-991 wow bounceInLeft"
            data-wow-duration="2s"
          >
            <h2
              class="ff-sans-b d-none-991"
            >
              Inscripciones
            </h2>
             
            <h3
              class="ff-sans-b d-none-991"
            >
              
              ¿Cómo inscribirse 
              <br />
              
              a Aflora?
            
            </h3>
             
            <div
              class="pra-p for-bgcol"
            >
              <p>
                
                La inscripción a nuestro programa de fortalecimiento virtual,
                será el inicio de un sendero lleno de historias y conocimiento
                que le brindará a su organización todas las herramientas para
                mejorar y lograr los objetivos planteados.
              
              </p>
            </div>
          </div>
           
          <div
            class="img-points order-1-991 wow bounceInRight"
            data-wow-duration="2s"
          >
            <img
              alt=""
              class="object-fit-cover"
              src="/images/programa-aflora/6-inscripciones/inscripciones_bloque1.jpg"
            />
          </div>
        </div>
         
        <div
          class="txt-info-m margin-0-auto text-center"
        >
          <h4
            class="ff-sans-b"
          >
            Reglamento de inscripción
          </h4>
           
          <div
            class="pra-p ff-nunito"
          >
            <p>
              
              Para Fundación Bolívar Davivienda es muy importante que todos
              los interesados, aspirantes y beneficiarios, conozcan con
              detalle las políticas detrás de cada programa. Por eso, le
              invitamos a leer con detenimiento el reglamento del programa
              Aflora. Allí encontrará los requisitos y condiciones para ser
              parte.
            
            </p>
          </div>
           
          <div
            class="two-btn d-flex justify-content-between ff-sans-b flex-wrap"
          >
            <a
              class="btn-sm btn-line-btn text-center"
              href="/legales/Footer_Reglamento_Inscripciones_Programas.pdf"
            >
              Lee el reglamento de inscripción
            </a>
             
            <a
              class="btn-sm btn-solid-btn text-center"
              href="https://fundacionbolivardaviviendaorg.force.com/comunidadfbd/s/?language=es_CO&programa=Aflora&grupo=Estudiantes+de+escuelas"
              target="_blank"
            >
              Inscribase aquí
            </a>
          </div>
        </div>
      </div>
    </div>
  </section>
</main>
`;
