// Jest Snapshot v1, https://goo.gl/fbAQLP

exports[`dotsbottoms.vue Renders correctly 1`] = `
<div
  class="two-dot d-flex position-absolute align-items-start"
>
  <div
    class="dots-div d-flex flex-wrap"
  >
    <div
      class="d-flex"
    >
      <span
        class="dot d-none-767"
      />
       
      <span
        class="dot d-none-767"
      />
       
      <span
        class="dot d-none-767"
      />
       
      <span
        class="dot"
      />
       
      <span
        class="dot"
      />
       
      <span
        class="dot"
      />
       
      <span
        class="dot"
      />
       
      <span
        class="dot"
      />
    </div>
     
    <div
      class="d-flex"
    >
      <span
        class="dot d-none-767"
      />
       
      <span
        class="dot d-none-767"
      />
       
      <span
        class="dot d-none-767"
      />
       
      <span
        class="dot"
      />
       
      <span
        class="dot"
      />
       
      <span
        class="dot"
      />
       
      <span
        class="dot"
      />
       
      <span
        class="dot"
      />
    </div>
     
    <div
      class="d-flex"
    >
      <span
        class="dot d-none-767"
      />
       
      <span
        class="dot d-none-767"
      />
       
      <span
        class="dot d-none-767"
      />
       
      <span
        class="dot"
      />
       
      <span
        class="dot"
      />
       
      <span
        class="dot"
      />
       
      <span
        class="dot"
      />
       
      <span
        class="dot"
      />
    </div>
     
    <div
      class="d-flex"
    >
      <span
        class="dot d-none-767"
      />
       
      <span
        class="dot d-none-767"
      />
       
      <span
        class="dot d-none-767"
      />
       
      <span
        class="dot"
      />
       
      <span
        class="dot"
      />
       
      <span
        class="dot"
      />
       
      <span
        class="dot"
      />
       
      <span
        class="dot"
      />
    </div>
     
    <div
      class="d-flex d-none-767i"
    >
      <span
        class="dot d-none-767"
      />
       
      <span
        class="dot d-none-767"
      />
       
      <span
        class="dot d-none-767"
      />
       
      <span
        class="dot"
      />
       
      <span
        class="dot"
      />
       
      <span
        class="dot"
      />
       
      <span
        class="dot"
      />
       
      <span
        class="dot"
      />
    </div>
  </div>
</div>
`;
