// Jest Snapshot v1, https://goo.gl/fbAQLP

exports[`dots.vue Renders correctly 1`] = `
<div
  class="one-dot d-flex position-absolute align-items-start d-none-991i"
>
  <div
    class="dots-div d-flex flex-wrap"
  >
    <div
      class="d-flex flex-wrap"
    >
      <span
        class="dot"
      />
       
      <span
        class="dot"
      />
       
      <span
        class="dot"
      />
       
      <span
        class="dot"
      />
       
      <span
        class="dot"
      />
       
      <span
        class="dot"
      />
       
      <span
        class="dot"
      />
       
      <span
        class="dot"
      />
    </div>
     
    <div
      class="d-flex"
    >
      <span
        class="dot"
      />
       
      <span
        class="dot"
      />
       
      <span
        class="dot"
      />
       
      <span
        class="dot"
      />
       
      <span
        class="dot"
      />
       
      <span
        class="dot"
      />
       
      <span
        class="dot"
      />
       
      <span
        class="dot"
      />
    </div>
     
    <div
      class="d-flex"
    >
      <span
        class="dot"
      />
       
      <span
        class="dot"
      />
       
      <span
        class="dot"
      />
       
      <span
        class="dot"
      />
       
      <span
        class="dot"
      />
       
      <span
        class="dot"
      />
       
      <span
        class="dot"
      />
       
      <span
        class="dot"
      />
    </div>
     
    <div
      class="d-flex"
    >
      <span
        class="dot"
      />
       
      <span
        class="dot"
      />
       
      <span
        class="dot"
      />
       
      <span
        class="dot"
      />
       
      <span
        class="dot"
      />
       
      <span
        class="dot"
      />
       
      <span
        class="dot"
      />
       
      <span
        class="dot"
      />
    </div>
     
    <div
      class="d-flex"
    >
      <span
        class="dot"
      />
       
      <span
        class="dot"
      />
       
      <span
        class="dot"
      />
       
      <span
        class="dot"
      />
       
      <span
        class="dot"
      />
       
      <span
        class="dot"
      />
       
      <span
        class="dot"
      />
       
      <span
        class="dot"
      />
    </div>
     
    <div
      class="d-flex"
    >
      <span
        class="dot"
      />
       
      <span
        class="dot"
      />
       
      <span
        class="dot"
      />
       
      <span
        class="dot"
      />
       
      <span
        class="dot"
      />
       
      <span
        class="dot"
      />
       
      <span
        class="dot"
      />
       
      <span
        class="dot"
      />
    </div>
     
    <div
      class="d-flex"
    >
      <span
        class="dot"
      />
       
      <span
        class="dot"
      />
       
      <span
        class="dot"
      />
       
      <span
        class="dot"
      />
       
      <span
        class="dot"
      />
       
      <span
        class="dot"
      />
       
      <span
        class="dot"
      />
       
      <span
        class="dot"
      />
    </div>
     
    <div
      class="d-flex"
    >
      <span
        class="dot"
      />
       
      <span
        class="dot"
      />
       
      <span
        class="dot"
      />
       
      <span
        class="dot"
      />
       
      <span
        class="dot"
      />
       
      <span
        class="dot"
      />
       
      <span
        class="dot"
      />
       
      <span
        class="dot"
      />
    </div>
     
    <div
      class="d-flex"
    >
      <span
        class="dot"
      />
       
      <span
        class="dot"
      />
       
      <span
        class="dot"
      />
       
      <span
        class="dot"
      />
       
      <span
        class="dot"
      />
       
      <span
        class="dot"
      />
       
      <span
        class="dot"
      />
       
      <span
        class="dot"
      />
    </div>
     
    <div
      class="d-flex"
    >
      <span
        class="dot"
      />
       
      <span
        class="dot"
      />
       
      <span
        class="dot"
      />
       
      <span
        class="dot"
      />
       
      <span
        class="dot"
      />
       
      <span
        class="dot"
      />
       
      <span
        class="dot"
      />
       
      <span
        class="dot"
      />
    </div>
  </div>
   
  <div
    class="dots-div only-for-dots d-flex flex-wrap"
  >
    <div
      class="d-flex"
    >
      <span
        class="dot"
      />
       
      <span
        class="dot"
      />
       
      <span
        class="dot"
      />
       
      <span
        class="dot"
      />
    </div>
     
    <div
      class="d-flex"
    >
      <span
        class="dot"
      />
       
      <span
        class="dot"
      />
       
      <span
        class="dot"
      />
       
      <span
        class="dot"
      />
    </div>
     
    <div
      class="d-flex"
    >
      <span
        class="dot"
      />
       
      <span
        class="dot"
      />
       
      <span
        class="dot"
      />
       
      <span
        class="dot"
      />
    </div>
     
    <div
      class="d-flex"
    >
      <span
        class="dot"
      />
       
      <span
        class="dot"
      />
       
      <span
        class="dot"
      />
       
      <span
        class="dot"
      />
    </div>
     
    <div
      class="d-flex"
    >
      <span
        class="dot"
      />
       
      <span
        class="dot"
      />
       
      <span
        class="dot"
      />
       
      <span
        class="dot"
      />
    </div>
  </div>
</div>
`;
